// Jest Snapshot v1, https://goo.gl/fbAQLP

exports[`StaticTemplatePreviewCarousel matches snapshot 1`] = `
<div>
  <div
    class="relative w-full"
  >
    <div
      class="rounded-lg border bg-card text-card-foreground shadow-sm w-full aspect-[16/9] relative overflow-hidden"
    >
      <img
        alt="Modern Template"
        data-testid="next-image"
        src="/templates/modern-1.png"
      />
    </div>
    <div
      class="absolute inset-y-0 left-0 flex items-center"
    >
      <button
        aria-label="Previous template"
        class="inline-flex items-center justify-center text-sm font-medium transition-colors focus-visible:outline-none focus-visible:ring-1 focus-visible:ring-ring disabled:pointer-events-none disabled:opacity-50 hover:text-accent-foreground h-8 w-8 rounded-full bg-background/80 hover:bg-background/90"
      >
        <svg
          class="lucide lucide-chevron-left h-4 w-4"
          fill="none"
          height="24"
          stroke="currentColor"
          stroke-linecap="round"
          stroke-linejoin="round"
          stroke-width="2"
          viewBox="0 0 24 24"
          width="24"
          xmlns="http://www.w3.org/2000/svg"
        >
          <path
            d="m15 18-6-6 6-6"
          />
        </svg>
      </button>
    </div>
    <div
      class="absolute inset-y-0 right-0 flex items-center"
    >
      <button
        aria-label="Next template"
        class="inline-flex items-center justify-center text-sm font-medium transition-colors focus-visible:outline-none focus-visible:ring-1 focus-visible:ring-ring disabled:pointer-events-none disabled:opacity-50 hover:text-accent-foreground h-8 w-8 rounded-full bg-background/80 hover:bg-background/90"
      >
        <svg
          class="lucide lucide-chevron-right h-4 w-4"
          fill="none"
          height="24"
          stroke="currentColor"
          stroke-linecap="round"
          stroke-linejoin="round"
          stroke-width="2"
          viewBox="0 0 24 24"
          width="24"
          xmlns="http://www.w3.org/2000/svg"
        >
          <path
            d="m9 18 6-6-6-6"
          />
        </svg>
      </button>
    </div>
    <div
      class="absolute bottom-4 left-0 right-0 text-center"
    >
      <p
        class="text-sm font-medium text-white bg-background/80 inline-block px-2 py-1 rounded"
      >
        Modern Template
      </p>
    </div>
  </div>
</div>
`;
